../Core/Src/main.c:114:10:ULTRASONIC_u16GetDistance	24	static
../Core/Src/main.c:197:6:Car_vFroward	8	static
../Core/Src/main.c:203:6:Car_vStop	8	static
../Core/Src/main.c:143:6:Car_vSpeed	8	static
../Core/Src/main.c:209:6:Car_vReverse	8	static
../Core/Src/main.c:215:6:Car_vTRight	8	static
../Core/Src/main.c:221:6:Car_vTLeft	8	static
../Core/Src/main.c:227:6:Move_vForward	16	static
../Core/Src/main.c:236:6:Move_vReverse	16	static
../Core/Src/main.c:245:6:Move_vRight	16	static
../Core/Src/main.c:254:6:Move_vLeft	16	static
../Core/Src/main.c:264:6:Move_vRF	16	static
../Core/Src/main.c:274:6:Move_vLF	16	static
../Core/Src/main.c:284:6:Move_vRR	16	static
../Core/Src/main.c:293:6:Move_vLR	16	static
../Core/Src/main.c:311:6:ACC	8	static
../Core/Src/main.c:318:6:LKAS	16	static
../Core/Src/main.c:350:6:LCW	16	static
../Core/Src/main.c:303:6:Auto_vPilot	8	static
../Core/Src/main.c:385:6:AEB	8	static
../Core/Src/main.c:530:6:SystemClock_Config	88	static,ignoring_inline_asm
../Core/Src/main.c:416:5:main	88	static,ignoring_inline_asm
../Core/Src/main.c:838:6:Error_Handler	0	static,ignoring_inline_asm
