../Core/Src/main.c:119:10:ULTRASONIC_u16GetDistance	32	static
../Core/Src/main.c:148:6:Car_vSpeed	16	static
../Core/Src/main.c:202:6:Car_vFroward	8	static
../Core/Src/main.c:208:6:Car_vStop	8	static
../Core/Src/main.c:214:6:Car_vReverse	8	static
../Core/Src/main.c:220:6:Car_vTRight	8	static
../Core/Src/main.c:226:6:Car_vTLeft	8	static
../Core/Src/main.c:233:6:Move_vForward	8	static
../Core/Src/main.c:243:6:Move_vReverse	8	static
../Core/Src/main.c:253:6:Move_vRight	8	static
../Core/Src/main.c:263:6:Move_vLeft	8	static
../Core/Src/main.c:273:6:Move_vRF	8	static
../Core/Src/main.c:283:6:Move_vLF	8	static
../Core/Src/main.c:293:6:Move_vRR	8	static
../Core/Src/main.c:303:6:Move_vLR	8	static
../Core/Src/main.c:313:6:Auto_vPilot	16	static
../Core/Src/main.c:321:6:ACC	16	static
../Core/Src/main.c:328:6:LKAS	16	static
../Core/Src/main.c:366:6:LCW	16	static
../Core/Src/main.c:414:6:AEB	16	static
../Core/Src/main.c:445:5:main	24	static
../Core/Src/main.c:562:6:SystemClock_Config	88	static
../Core/Src/main.c:609:13:MX_TIM1_Init	48	static
../Core/Src/main.c:668:13:MX_TIM2_Init	64	static
../Core/Src/main.c:727:13:MX_TIM3_Init	64	static
../Core/Src/main.c:786:13:MX_TIM10_Init	40	static
../Core/Src/main.c:832:13:MX_USART1_UART_Init	8	static
../Core/Src/main.c:865:13:MX_USART6_UART_Init	8	static
../Core/Src/main.c:898:13:MX_GPIO_Init	40	static
../Core/Src/main.c:949:6:Error_Handler	4	static,ignoring_inline_asm
